SUM_IamHiding=5736
MEAN_IamHiding=14.34
STDDEV_IamHiding=7.626558857046869
MEDIAN_IamHiding=14
MIN_IamHiding=1
MAX_IamHiding=32
SUM_IamSeeking=715
MEAN_IamSeeking=7.15
STDDEV_IamSeeking=5.3148377209468975
MEDIAN_IamSeeking=6
MIN_IamSeeking=1
MAX_IamSeeking=22
SUM_TURNAROUNDTIME=7701
MEAN_TURNAROUNDTIME=1540.2
STDDEV_TURNAROUNDTIME=1.7204650534085253
MEDIAN_TURNAROUNDTIME=1540
MIN_TURNAROUNDTIME=1538
MAX_TURNAROUNDTIME=1543
SUM_endGame=0
MEAN_endGame=0.0
STDDEV_endGame=0.0
MEDIAN_endGame=0
MIN_endGame=0
MAX_endGame=0
SUM_init=0
MEAN_init=0.0
STDDEV_init=0.0
MEDIAN_init=0
MIN_init=0
MAX_init=0
SUM_initThread=5
MEAN_initThread=1.0
STDDEV_initThread=0.0
MEDIAN_initThread=1
MIN_initThread=1
MAX_initThread=1
SUM_loopAndSpawn=4
MEAN_loopAndSpawn=4.0
STDDEV_loopAndSpawn=0.0
MEDIAN_loopAndSpawn=4
MIN_loopAndSpawn=4
MAX_loopAndSpawn=4
SUM_seeWhoIsIt=1225
MEAN_seeWhoIsIt=2.4257425742574257
STDDEV_seeWhoIsIt=3.4963815373217297
MEDIAN_seeWhoIsIt=1
MIN_seeWhoIsIt=1
MAX_seeWhoIsIt=11
SUM_waitForOthersToStart=11
MEAN_waitForOthersToStart=2.2
STDDEV_waitForOthersToStart=1.16619037896906
MEDIAN_waitForOthersToStart=2
MIN_waitForOthersToStart=1
MAX_waitForOthersToStart=4
SUM_TURNAROUNDTIME_thread_0_process_0=1543
SUM_IamHiding_thread_0_process_0=1016
MEAN_IamHiding_thread_0_process_0=13.194805194805195
STDDEV_IamHiding_thread_0_process_0=7.910274366067621
MEDIAN_IamHiding_thread_0_process_0=13
MIN_IamHiding_thread_0_process_0=1
MAX_IamHiding_thread_0_process_0=32
SUM_IamSeeking_thread_0_process_0=189
MEAN_IamSeeking_thread_0_process_0=8.217391304347826
STDDEV_IamSeeking_thread_0_process_0=5.02131562302265
MEDIAN_IamSeeking_thread_0_process_0=8
MIN_IamSeeking_thread_0_process_0=1
MAX_IamSeeking_thread_0_process_0=19
SUM_endGame_thread_0_process_0=0
MEAN_endGame_thread_0_process_0=0.0
STDDEV_endGame_thread_0_process_0=0.0
MEDIAN_endGame_thread_0_process_0=0
MIN_endGame_thread_0_process_0=0
MAX_endGame_thread_0_process_0=0
SUM_init_thread_0_process_0=0
MEAN_init_thread_0_process_0=0.0
STDDEV_init_thread_0_process_0=0.0
MEDIAN_init_thread_0_process_0=0
MIN_init_thread_0_process_0=0
MAX_init_thread_0_process_0=0
SUM_initThread_thread_0_process_0=1
MEAN_initThread_thread_0_process_0=1.0
STDDEV_initThread_thread_0_process_0=0.0
MEDIAN_initThread_thread_0_process_0=1
MIN_initThread_thread_0_process_0=1
MAX_initThread_thread_0_process_0=1
SUM_loopAndSpawn_thread_0_process_0=4
MEAN_loopAndSpawn_thread_0_process_0=4.0
STDDEV_loopAndSpawn_thread_0_process_0=0.0
MEDIAN_loopAndSpawn_thread_0_process_0=4
MIN_loopAndSpawn_thread_0_process_0=4
MAX_loopAndSpawn_thread_0_process_0=4
SUM_seeWhoIsIt_thread_0_process_0=331
MEAN_seeWhoIsIt_thread_0_process_0=3.277227722772277
STDDEV_seeWhoIsIt_thread_0_process_0=4.193627442484625
MEDIAN_seeWhoIsIt_thread_0_process_0=1
MIN_seeWhoIsIt_thread_0_process_0=1
MAX_seeWhoIsIt_thread_0_process_0=11
SUM_waitForOthersToStart_thread_0_process_0=1
MEAN_waitForOthersToStart_thread_0_process_0=1.0
STDDEV_waitForOthersToStart_thread_0_process_0=0.0
MEDIAN_waitForOthersToStart_thread_0_process_0=1
MIN_waitForOthersToStart_thread_0_process_0=1
MAX_waitForOthersToStart_thread_0_process_0=1
SUM_TURNAROUNDTIME_thread_1_process_0=1541
SUM_IamHiding_thread_1_process_0=1124
MEAN_IamHiding_thread_1_process_0=13.707317073170731
STDDEV_IamHiding_thread_1_process_0=7.790688320631284
MEDIAN_IamHiding_thread_1_process_0=14
MIN_IamHiding_thread_1_process_0=1
MAX_IamHiding_thread_1_process_0=32
SUM_IamSeeking_thread_1_process_0=130
MEAN_IamSeeking_thread_1_process_0=7.222222222222222
STDDEV_IamSeeking_thread_1_process_0=6.042033833032233
MEDIAN_IamSeeking_thread_1_process_0=5.5
MIN_IamSeeking_thread_1_process_0=1
MAX_IamSeeking_thread_1_process_0=21
SUM_endGame_thread_1_process_0=0
MEAN_endGame_thread_1_process_0=0.0
STDDEV_endGame_thread_1_process_0=0.0
MEDIAN_endGame_thread_1_process_0=0
MIN_endGame_thread_1_process_0=0
MAX_endGame_thread_1_process_0=0
SUM_init_thread_1_process_0=0
MEAN_init_thread_1_process_0=0.0
STDDEV_init_thread_1_process_0=0.0
MEDIAN_init_thread_1_process_0=0
MIN_init_thread_1_process_0=0
MAX_init_thread_1_process_0=0
SUM_initThread_thread_1_process_0=1
MEAN_initThread_thread_1_process_0=1.0
STDDEV_initThread_thread_1_process_0=0.0
MEDIAN_initThread_thread_1_process_0=1
MIN_initThread_thread_1_process_0=1
MAX_initThread_thread_1_process_0=1
SUM_seeWhoIsIt_thread_1_process_0=281
MEAN_seeWhoIsIt_thread_1_process_0=2.782178217821782
STDDEV_seeWhoIsIt_thread_1_process_0=3.8269600178391494
MEDIAN_seeWhoIsIt_thread_1_process_0=1
MIN_seeWhoIsIt_thread_1_process_0=1
MAX_seeWhoIsIt_thread_1_process_0=11
SUM_waitForOthersToStart_thread_1_process_0=4
MEAN_waitForOthersToStart_thread_1_process_0=4.0
STDDEV_waitForOthersToStart_thread_1_process_0=0.0
MEDIAN_waitForOthersToStart_thread_1_process_0=4
MIN_waitForOthersToStart_thread_1_process_0=4
MAX_waitForOthersToStart_thread_1_process_0=4
SUM_TURNAROUNDTIME_thread_2_process_0=1540
SUM_IamHiding_thread_2_process_0=1032
MEAN_IamHiding_thread_2_process_0=13.402597402597403
STDDEV_IamHiding_thread_2_process_0=8.108452764893727
MEDIAN_IamHiding_thread_2_process_0=13
MIN_IamHiding_thread_2_process_0=1
MAX_IamHiding_thread_2_process_0=32
SUM_IamSeeking_thread_2_process_0=172
MEAN_IamSeeking_thread_2_process_0=7.478260869565218
STDDEV_IamSeeking_thread_2_process_0=4.470867683681831
MEDIAN_IamSeeking_thread_2_process_0=6
MIN_IamSeeking_thread_2_process_0=2
MAX_IamSeeking_thread_2_process_0=18
SUM_endGame_thread_2_process_0=0
MEAN_endGame_thread_2_process_0=0.0
STDDEV_endGame_thread_2_process_0=0.0
MEDIAN_endGame_thread_2_process_0=0
MIN_endGame_thread_2_process_0=0
MAX_endGame_thread_2_process_0=0
SUM_init_thread_2_process_0=0
MEAN_init_thread_2_process_0=0.0
STDDEV_init_thread_2_process_0=0.0
MEDIAN_init_thread_2_process_0=0
MIN_init_thread_2_process_0=0
MAX_init_thread_2_process_0=0
SUM_initThread_thread_2_process_0=1
MEAN_initThread_thread_2_process_0=1.0
STDDEV_initThread_thread_2_process_0=0.0
MEDIAN_initThread_thread_2_process_0=1
MIN_initThread_thread_2_process_0=1
MAX_initThread_thread_2_process_0=1
SUM_seeWhoIsIt_thread_2_process_0=331
MEAN_seeWhoIsIt_thread_2_process_0=3.277227722772277
STDDEV_seeWhoIsIt_thread_2_process_0=4.193627442484625
MEDIAN_seeWhoIsIt_thread_2_process_0=1
MIN_seeWhoIsIt_thread_2_process_0=1
MAX_seeWhoIsIt_thread_2_process_0=11
SUM_waitForOthersToStart_thread_2_process_0=3
MEAN_waitForOthersToStart_thread_2_process_0=3.0
STDDEV_waitForOthersToStart_thread_2_process_0=0.0
MEDIAN_waitForOthersToStart_thread_2_process_0=3
MIN_waitForOthersToStart_thread_2_process_0=3
MAX_waitForOthersToStart_thread_2_process_0=3
SUM_TURNAROUNDTIME_thread_3_process_0=1539
SUM_IamHiding_thread_3_process_0=1238
MEAN_IamHiding_thread_3_process_0=14.229885057471265
STDDEV_IamHiding_thread_3_process_0=7.481319493652077
MEDIAN_IamHiding_thread_3_process_0=14
MIN_IamHiding_thread_3_process_0=1
MAX_IamHiding_thread_3_process_0=31
SUM_IamSeeking_thread_3_process_0=116
MEAN_IamSeeking_thread_3_process_0=8.923076923076923
STDDEV_IamSeeking_thread_3_process_0=6.673270890552716
MEDIAN_IamSeeking_thread_3_process_0=8
MIN_IamSeeking_thread_3_process_0=1
MAX_IamSeeking_thread_3_process_0=22
SUM_endGame_thread_3_process_0=0
MEAN_endGame_thread_3_process_0=0.0
STDDEV_endGame_thread_3_process_0=0.0
MEDIAN_endGame_thread_3_process_0=0
MIN_endGame_thread_3_process_0=0
MAX_endGame_thread_3_process_0=0
SUM_init_thread_3_process_0=0
MEAN_init_thread_3_process_0=0.0
STDDEV_init_thread_3_process_0=0.0
MEDIAN_init_thread_3_process_0=0
MIN_init_thread_3_process_0=0
MAX_init_thread_3_process_0=0
SUM_initThread_thread_3_process_0=1
MEAN_initThread_thread_3_process_0=1.0
STDDEV_initThread_thread_3_process_0=0.0
MEDIAN_initThread_thread_3_process_0=1
MIN_initThread_thread_3_process_0=1
MAX_initThread_thread_3_process_0=1
SUM_seeWhoIsIt_thread_3_process_0=181
MEAN_seeWhoIsIt_thread_3_process_0=1.7920792079207921
STDDEV_seeWhoIsIt_thread_3_process_0=2.700630039007097
MEDIAN_seeWhoIsIt_thread_3_process_0=1
MIN_seeWhoIsIt_thread_3_process_0=1
MAX_seeWhoIsIt_thread_3_process_0=11
SUM_waitForOthersToStart_thread_3_process_0=2
MEAN_waitForOthersToStart_thread_3_process_0=2.0
STDDEV_waitForOthersToStart_thread_3_process_0=0.0
MEDIAN_waitForOthersToStart_thread_3_process_0=2
MIN_waitForOthersToStart_thread_3_process_0=2
MAX_waitForOthersToStart_thread_3_process_0=2
SUM_TURNAROUNDTIME_thread_4_process_0=1538
SUM_IamHiding_thread_4_process_0=1326
MEAN_IamHiding_thread_4_process_0=17.22077922077922
STDDEV_IamHiding_thread_4_process_0=5.91854531228698
MEDIAN_IamHiding_thread_4_process_0=16
MIN_IamHiding_thread_4_process_0=3
MAX_IamHiding_thread_4_process_0=32
SUM_IamSeeking_thread_4_process_0=108
MEAN_IamSeeking_thread_4_process_0=4.695652173913044
STDDEV_IamSeeking_thread_4_process_0=3.8497293254223743
MEDIAN_IamSeeking_thread_4_process_0=3
MIN_IamSeeking_thread_4_process_0=1
MAX_IamSeeking_thread_4_process_0=13
SUM_endGame_thread_4_process_0=0
MEAN_endGame_thread_4_process_0=0.0
STDDEV_endGame_thread_4_process_0=0.0
MEDIAN_endGame_thread_4_process_0=0
MIN_endGame_thread_4_process_0=0
MAX_endGame_thread_4_process_0=0
SUM_init_thread_4_process_0=0
MEAN_init_thread_4_process_0=0.0
STDDEV_init_thread_4_process_0=0.0
MEDIAN_init_thread_4_process_0=0
MIN_init_thread_4_process_0=0
MAX_init_thread_4_process_0=0
SUM_initThread_thread_4_process_0=1
MEAN_initThread_thread_4_process_0=1.0
STDDEV_initThread_thread_4_process_0=0.0
MEDIAN_initThread_thread_4_process_0=1
MIN_initThread_thread_4_process_0=1
MAX_initThread_thread_4_process_0=1
SUM_seeWhoIsIt_thread_4_process_0=101
MEAN_seeWhoIsIt_thread_4_process_0=1.0
STDDEV_seeWhoIsIt_thread_4_process_0=0.0
MEDIAN_seeWhoIsIt_thread_4_process_0=1
MIN_seeWhoIsIt_thread_4_process_0=1
MAX_seeWhoIsIt_thread_4_process_0=1
SUM_waitForOthersToStart_thread_4_process_0=1
MEAN_waitForOthersToStart_thread_4_process_0=1.0
STDDEV_waitForOthersToStart_thread_4_process_0=0.0
MEDIAN_waitForOthersToStart_thread_4_process_0=1
MIN_waitForOthersToStart_thread_4_process_0=1
MAX_waitForOthersToStart_thread_4_process_0=1
